// Jest Snapshot v1, https://goo.gl/fbAQLP

exports[`scaffold/index.js Server Side Application folder structure matches the snapshot 1`] = `
"
./
â”œâ”€â”€ /assets
|  â”œâ”€â”€ /config
|  |  â””â”€â”€ /webpack
|  |     â”œâ”€â”€ base.js
|  |     â”œâ”€â”€ blocks.js
|  |     â”œâ”€â”€ html.js
|  |     â””â”€â”€ index.js
|  â”œâ”€â”€ /fonts
|  â”œâ”€â”€ /images
|  â”œâ”€â”€ /media
|  â”œâ”€â”€ /scripts
|  |  â””â”€â”€ main.js
|  â””â”€â”€ /styles
|     â””â”€â”€ main.scss
â”œâ”€â”€ /public
|  â””â”€â”€ /assets
â””â”€â”€ webpack.config.js

directory: 10 file: 7 symboliclink: 1 

[2K[1G"
`;

exports[`scaffold/index.js Single Page Application folder structure matches the snapshot 1`] = `
"
./
â”œâ”€â”€ .babelrc
â”œâ”€â”€ .browserslistrc
â”œâ”€â”€ .browsersyncrc
â”œâ”€â”€ /app
|  â”œâ”€â”€ /config
|  |  â””â”€â”€ /webpack
|  |     â”œâ”€â”€ base.js
|  |     â”œâ”€â”€ blocks.js
|  |     â”œâ”€â”€ html.js
|  |     â””â”€â”€ index.js
|  â”œâ”€â”€ /fonts
|  â”œâ”€â”€ /images
|  â”œâ”€â”€ index.ejs
|  â”œâ”€â”€ /media
|  â”œâ”€â”€ /scripts
|  |  â””â”€â”€ main.js
|  â””â”€â”€ /styles
|     â””â”€â”€ main.scss
â”œâ”€â”€ /public
â””â”€â”€ webpack.config.js

directory: 9 file: 15 symboliclink: 1 

[2K[1G"
`;
